	A	B	Max	Max Label
Taxa1	8.5	5.0	8.5	A
Taxa2	3.5	8.5	8.5	B
